WARNING : Using CLI version 2.37.1 but project's `requirements.txt`
WARNING : is configured to use 2.20.0. Consider either installing
WARNING : CLI version 2.20.0 or running `pretext update`
WARNING : to update `requirements.txt` and other managed files to match 2.37.1.
INFO    : Since no target was supplied, we will use "web".

INFO    : Building target web
INFO    : XSL conversion of C:\Users\cory.g.wilson\Dropbox\school\occc\functions-workbook\source\main.ptx by C:\Users\cory.g.wilson\.ptx\2.37.1\core\xsl\utilities\pretext-enhanced-source.xsl
INFO    : successful application of C:\Users\cory.g.wilson\.ptx\2.37.1\core\xsl\utilities\pretext-enhanced-source.xsl
INFO    : Generating any needed assets.
INFO    : Finished generating assets.

INFO    : Preparing to build into C:\Users\cory.g.wilson\Dropbox\school\occc\functions-workbook\output\web.
WARNING : Node.js must be installed to build CSS files.  Please install node.js and npm.
 Will try to use prebuilt CSS files instead.
WARNING : Cannot find npm.  Will try to use prebuilt CSS files instead.
WARNING : Unable to install npm packages to build css files.  Non-default CSS themes require node.js and npm to be installed.  See https://pretextbook.org/doc/guide/html/node-and-npm.html
WARNING : 
INFO    : discovering source file's directory name: C:\Users\cory.g.wilson\Dropbox\school\occc\functions-workbook\source
INFO    : verifying and expanding input directory: C:\Users\cory.g.wilson\Dropbox\school\occc\functions-workbook\source\../generated-assets
INFO    : input directory expanded to absolute path: C:\Users\cory.g.wilson\Dropbox\school\occc\functions-workbook\generated-assets
INFO    : verifying and expanding input directory: C:\Users\cory.g.wilson\Dropbox\school\occc\functions-workbook\source\../assets
INFO    : input directory expanded to absolute path: C:\Users\cory.g.wilson\Dropbox\school\occc\functions-workbook\assets
INFO    : discovering source file's directory name: C:\Users\cory.g.wilson\Dropbox\school\occc\functions-workbook\source
INFO    : XSL conversion of C:\Users\cory.g.wilson\Dropbox\school\occc\functions-workbook\source\main.ptx by C:\Users\cory.g.wilson\.ptx\2.37.1\core\xsl\utilities\report-publisher-variables.xsl
INFO    : successful application of C:\Users\cory.g.wilson\.ptx\2.37.1\core\xsl\utilities\report-publisher-variables.xsl
INFO    : Downloading rs services file from https://runestone.academy/cdn/runestone/latest/webpack_static_imports.xml.
INFO    : Runestone Services via online CDN query: version 8.1.1
INFO    : Downloading Runestone Services, version 8.1.1
INFO    : Extracting Runestone Services from archive file
INFO    : Node.js not available. Relying on prebuilt default-modern.
INFO    : Using prebuilt CSS theme: default-modern with options: {'options': {'primary-color': '#195684', 'secondary-color': '#932c1c'}, 'contrast-checks': {'primary-color': '#fff', 'secondary-color': '#fff', 'primary-color-dark': '#23241f'}}
INFO    : converting C:\Users\cory.g.wilson\Dropbox\school\occc\functions-workbook\source\main.ptx to HTML in C:\Users\CORYG~1.WIL\AppData\Local\Temp\ptx-9hz660k3
INFO    : XSL conversion of C:\Users\cory.g.wilson\Dropbox\school\occc\functions-workbook\source\main.ptx by C:\Users\cory.g.wilson\.ptx\2.37.1\core\xsl\pretext-html.xsl
INFO    : messages from the log for XSL processing:
INFO    : * PTX:INFO:   checking all deprecated elements.
INFO    : successful application of C:\Users\cory.g.wilson\.ptx\2.37.1\core\xsl\pretext-html.xsl
INFO    : Removing temporary directory C:\Users\CORYG~1.WIL\AppData\Local\Temp\ptx-9hz660k3
INFO    : Removing temporary directory C:\Users\CORYG~1.WIL\AppData\Local\Temp\ptx-9nqlmtoe
INFO    : 
Finished build for target web. Run `pretext view web` to see the results.

INFO    : 
Success!  Built requested target(s) without errors.

INFO    : 
